
Memory Configuration

Name             Origin             Length             Attributes
ram              0x0000000000000000 0x0000000000000200 rw
*default*        0x0000000000000000 0xffffffffffffffff

Linker script and memory map


.text           0x0000000000000000      0x128 load address 0x000000000000000c
 *(.text)
 .text          0x0000000000000000      0x128 ulp_pulse.ulp.o
                0x0000000000000000                entry
                0x0000000000000004                read_now
                0x0000000000000058                changed
                0x0000000000000074                edge_detected
                0x00000000000000c0                pulse_tick
                0x00000000000000d4                pulse_detected
                0x0000000000000100                pulse_lower
                0x0000000000000114                pulse_reset

.data           0x0000000000000128        0x0 load address 0x0000000000000134
                0x0000000000000128                . = ALIGN (0x4)
 *(.data)
 .data          0x0000000000000128        0x0 ulp_pulse.ulp.o

.bss            0x0000000000000128       0x24 load address 0x0000000000000134
                0x0000000000000128                . = ALIGN (0x4)
 *(.bss)
 .bss           0x0000000000000128       0x24 ulp_pulse.ulp.o
                0x0000000000000128                pulse_edge
                0x000000000000012c                next_edge
                0x0000000000000130                debounce_counter
                0x0000000000000134                debounce_max_count
                0x0000000000000138                pulse_res
                0x000000000000013c                pulse_cur
                0x0000000000000140                pulse_min
                0x0000000000000144                edge_count
                0x0000000000000148                io_number

.header         0x000000000000014c        0xc load address 0x0000000000000000
                0x000000000000014c        0x4 LONG 0x706c75
                0x0000000000000150        0x2 SHORT 0xc LOADADDR (.text)
                0x0000000000000152        0x2 SHORT 0x128 SIZEOF (.text)
                0x0000000000000154        0x2 SHORT 0x0 SIZEOF (.data)
                0x0000000000000156        0x2 SHORT 0x24 SIZEOF (.bss)
LOAD ulp_pulse.ulp.o
OUTPUT(ulp_main.elf elf32-esp32ulp)
